#-----------------------------------------------------------
# Vivado v2023.1 (64-bit)
# SW Build 3865809 on Sun May  7 15:05:29 MDT 2023
# IP Build 3864474 on Sun May  7 20:36:21 MDT 2023
# SharedData Build 3865790 on Sun May 07 13:33:03 MDT 2023
# Start of session at: Mon May 19 08:35:26 2025
# Process ID: 11412
# Current directory: C:/Users/fdingad/Desktop/HKUST_ELEC5140_RISC-V_CPU/RV32i/RV32i.sim/sim_1/behav/xsim
# Command line: vivado.exe -gui_launcher_event rodinguilauncherevent12276 C:\Users\fdingad\Desktop\HKUST_ELEC5140_RISC-V_CPU\RV32i\RV32i.sim\sim_1\behav\xsim\Top_behav.wdb
# Log file: C:/Users/fdingad/Desktop/HKUST_ELEC5140_RISC-V_CPU/RV32i/RV32i.sim/sim_1/behav/xsim/vivado.log
# Journal file: C:/Users/fdingad/Desktop/HKUST_ELEC5140_RISC-V_CPU/RV32i/RV32i.sim/sim_1/behav/xsim\vivado.jou
# Running On: CCVDIAI3014, OS: Windows, CPU Frequency: 2594 MHz, CPU Physical cores: 4, Host memory: 17178 MB
#-----------------------------------------------------------
start_guopopen_wave_database {C:\Users\fdingad\Desktop\HKUST_ELEC5140_RISC-V_CPU\RV32i\RV32i.sim\sim_1\behav\xsim\Top_behav.wdbclclose_sim
ose_project
